interactions:
- request:
    body: null
    headers:
      Accept:
      - '*/*'
      Accept-Encoding:
      - gzip, deflate
      Authorization:
      - DUMMY
      Connection:
      - keep-alive
      Content-Type:
      - application/json
      User-Agent:
      - facturapi-python/0.0.2
    method: GET
    uri: https://www.facturapi.io/v2/customers/63fe41cee87ce2001b18484a
  response:
    body:
      string: "{\"legal_name\":\"CORDELIA URUETA SIERRA\",\"tax_id\":\"UUSC9509162G7\",\"tax_system\":\"625\",\"email\":\"cordelia@urueta.com\",\"phone\":\"5511223344\",\"address\":{\"country\":\"MEX\",\"street\":\"Colima\",\"exterior\":\"196\",\"interior\":\"1\",\"neighborhood\":\"Roma\",\"zip\":\"06700\",\"city\":\"Ciudad
        de M\xE9xico\",\"municipality\":\"Cuauht\xE9moc\",\"state\":\"Ciudad de M\xE9xico\"},\"organization\":\"63fe3f1fe87ce2001b182417\",\"created_at\":\"2023-02-28T18:02:54.116Z\",\"livemode\":false,\"id\":\"63fe41cee87ce2001b18484a\"}"
    headers:
      Content-Length:
      - '463'
      Date:
      - Tue, 28 Feb 2023 18:16:26 GMT
      Server:
      - Google Frontend
      access-control-allow-origin:
      - '*'
      content-security-policy:
      - 'default-src ''self'';font-src https:;img-src data: https:;script-src ''unsafe-inline''
        https:;style-src https: ''unsafe-inline'';object-src ''none'';connect-src
        https:;frame-src self *.stripe.com *.facebook.com;upgrade-insecure-requests'
      content-type:
      - application/json; charset=utf-8
      etag:
      - W/"1cf-VZLaRFdy+UnX7EiDxH82TH7MtBk"
      expect-ct:
      - max-age=0
      referrer-policy:
      - no-referrer
      strict-transport-security:
      - max-age=15552000; includeSubDomains
      x-cloud-trace-context:
      - 2c5a8f20f3683608b4bf427912f7eb1a/11303442477038968149;o=1
      x-content-type-options:
      - nosniff
      x-dns-prefetch-control:
      - 'off'
      x-download-options:
      - noopen
      x-frame-options:
      - SAMEORIGIN
      x-permitted-cross-domain-policies:
      - none
      x-xss-protection:
      - '0'
    status:
      code: 200
      message: OK
- request:
    body: '{"email": "remedios@pintora.com"}'
    headers:
      Accept:
      - '*/*'
      Accept-Encoding:
      - gzip, deflate
      Authorization:
      - DUMMY
      Connection:
      - keep-alive
      Content-Length:
      - '33'
      Content-Type:
      - application/json
      User-Agent:
      - facturapi-python/0.0.2
    method: PUT
    uri: https://www.facturapi.io/v2/customers/63fe41cee87ce2001b18484a
  response:
    body:
      string: "{\"legal_name\":\"CORDELIA URUETA SIERRA\",\"tax_id\":\"UUSC9509162G7\",\"tax_system\":\"625\",\"email\":\"remedios@pintora.com\",\"phone\":\"5511223344\",\"address\":{\"country\":\"MEX\",\"street\":\"Colima\",\"exterior\":\"196\",\"interior\":\"1\",\"neighborhood\":\"Roma\",\"zip\":\"06700\",\"city\":\"Ciudad
        de M\xE9xico\",\"municipality\":\"Cuauht\xE9moc\",\"state\":\"Ciudad de M\xE9xico\"},\"organization\":\"63fe3f1fe87ce2001b182417\",\"created_at\":\"2023-02-28T18:02:54.116Z\",\"livemode\":false,\"id\":\"63fe41cee87ce2001b18484a\"}"
    headers:
      Content-Length:
      - '464'
      Date:
      - Tue, 28 Feb 2023 18:16:31 GMT
      Server:
      - Google Frontend
      access-control-allow-origin:
      - '*'
      content-security-policy:
      - 'default-src ''self'';font-src https:;img-src data: https:;script-src ''unsafe-inline''
        https:;style-src https: ''unsafe-inline'';object-src ''none'';connect-src
        https:;frame-src self *.stripe.com *.facebook.com;upgrade-insecure-requests'
      content-type:
      - application/json; charset=utf-8
      etag:
      - W/"1d0-qDpz0XsOhs01KBO2L/VBgP1ay4I"
      expect-ct:
      - max-age=0
      referrer-policy:
      - no-referrer
      strict-transport-security:
      - max-age=15552000; includeSubDomains
      x-cloud-trace-context:
      - 31a922821446dda330769132274ef313/7959642358214293669;o=1
      x-content-type-options:
      - nosniff
      x-dns-prefetch-control:
      - 'off'
      x-download-options:
      - noopen
      x-frame-options:
      - SAMEORIGIN
      x-permitted-cross-domain-policies:
      - none
      x-xss-protection:
      - '0'
    status:
      code: 200
      message: OK
- request:
    body: null
    headers:
      Accept:
      - '*/*'
      Accept-Encoding:
      - gzip, deflate
      Authorization:
      - DUMMY
      Connection:
      - keep-alive
      Content-Type:
      - application/json
      User-Agent:
      - facturapi-python/0.0.2
    method: GET
    uri: https://www.facturapi.io/v2/customers/63fe41cee87ce2001b18484a
  response:
    body:
      string: "{\"legal_name\":\"CORDELIA URUETA SIERRA\",\"tax_id\":\"UUSC9509162G7\",\"tax_system\":\"625\",\"email\":\"remedios@pintora.com\",\"phone\":\"5511223344\",\"address\":{\"country\":\"MEX\",\"street\":\"Colima\",\"exterior\":\"196\",\"interior\":\"1\",\"neighborhood\":\"Roma\",\"zip\":\"06700\",\"city\":\"Ciudad
        de M\xE9xico\",\"municipality\":\"Cuauht\xE9moc\",\"state\":\"Ciudad de M\xE9xico\"},\"organization\":\"63fe3f1fe87ce2001b182417\",\"created_at\":\"2023-02-28T18:02:54.116Z\",\"livemode\":false,\"id\":\"63fe41cee87ce2001b18484a\"}"
    headers:
      Content-Length:
      - '464'
      Date:
      - Tue, 28 Feb 2023 18:16:31 GMT
      Server:
      - Google Frontend
      access-control-allow-origin:
      - '*'
      content-security-policy:
      - 'default-src ''self'';font-src https:;img-src data: https:;script-src ''unsafe-inline''
        https:;style-src https: ''unsafe-inline'';object-src ''none'';connect-src
        https:;frame-src self *.stripe.com *.facebook.com;upgrade-insecure-requests'
      content-type:
      - application/json; charset=utf-8
      etag:
      - W/"1d0-qDpz0XsOhs01KBO2L/VBgP1ay4I"
      expect-ct:
      - max-age=0
      referrer-policy:
      - no-referrer
      strict-transport-security:
      - max-age=15552000; includeSubDomains
      x-cloud-trace-context:
      - 27cd6847f663df46c27bdf599dd03eb4/13059218526521655702;o=1
      x-content-type-options:
      - nosniff
      x-dns-prefetch-control:
      - 'off'
      x-download-options:
      - noopen
      x-frame-options:
      - SAMEORIGIN
      x-permitted-cross-domain-policies:
      - none
      x-xss-protection:
      - '0'
    status:
      code: 200
      message: OK
version: 1
